// Jest Snapshot v1, https://goo.gl/fbAQLP

exports[`AdCard component renders the AdCard component 1`] = `
<body>
  <div>
    <div
      class="w-[400px]"
    >
      <a
        href="/"
      >
        <div
          class="shadow-md border rounded-lg  p-6 bg-white mr-3 mb-3"
        >
          <img
            alt="ad picture"
            class="h-[200px] w-full object-cover rounded-md"
            src="https://m.media-amazon.com/images/I/51TJ3ERPBwL._AC_UF1000,1000_QL80_.jpg"
          />
          <div
            class="flex justify-between pt-6"
          >
            <div
              class="ad-card-title"
            >
              hello
            </div>
            <div
              class="ad-card-price"
            >
              10
               â‚¬
            </div>
          </div>
        </div>
      </a>
    </div>
  </div>
</body>
`;
